UnicodeDecodeError: 'utf-8' codec can't decode byte 0xc2 in position 61: invalid continuation byte
- Сменить кодировку вывода сообщений lc_messages в postgresql.conf